// Jest Snapshot v1, https://goo.gl/fbAQLP

exports[`App.js it matches snapshot 1`] = `
<App>
  <div
    className="App"
  >
    <header
      className="App-header"
    >
      <img
        alt="logo"
        className="App-logo"
        src="logo.svg"
      />
      <p>
        Hello, 
        !
      </p>
    </header>
  </div>
</App>
`;
